// Jest Snapshot v1, https://goo.gl/fbAQLP

exports[`Log out form component should render 1`] = `
<form
  className="log-out-form"
  method="post"
  onSubmit={[Function]}
>
  <fieldset
    className="field-set"
  >
    <div
      className="text"
    >
      You are logged in!
    </div>
    <input
      className="button"
      type="submit"
      value="Logout"
    />
  </fieldset>
</form>
`;
